2026-08-06 11:39:55,934 | INFO | ImageAugmenter initialized.
2026-08-06 11:39:55,935 | INFO | Checking processed dataset...
2026-08-06 11:39:55,935 | INFO | Dataset validated.
2026-08-06 11:39:55,935 | INFO | Creating folders...
2026-08-06 11:39:55,943 | INFO | Folders created.
2026-08-06 11:39:56,034 | INFO | Augmenting broken_large
2026-08-06 11:40:24,827 | INFO | Augmenting broken_small
2026-08-06 11:40:52,453 | INFO | Augmenting contamination
2026-08-06 11:41:27,409 | INFO | Dataset verification completed.
2026-08-06 11:41:27,477 | INFO | Augmentation report saved.
2026-08-06 11:41:27,478 | INFO | Summary generated.
2026-08-06 11:41:27,480 | INFO | Data augmentation completed successfully.
2026-08-07 15:41:52,285 | INFO | ImageAugmenter initialized.
2026-08-07 15:43:22,742 | INFO | ImageAugmenter initialized.
2026-08-07 15:44:04,428 | INFO | ImageAugmenter initialized.
2026-08-07 15:44:26,887 | INFO | ImageAugmenter initialized.
2026-08-07 15:58:32,614 | INFO | ImageAugmenter initialized.
2026-08-07 15:58:32,615 | INFO | Checking processed dataset...
2026-08-07 15:58:32,616 | INFO | Dataset validated.
2026-08-07 15:58:32,616 | INFO | Creating folders...
2026-08-07 15:58:32,619 | INFO | Folders created.
2026-08-07 15:58:32,729 | INFO | Augmenting good
2026-08-07 15:58:36,800 | INFO | Augmenting broken_large
2026-08-07 15:59:06,102 | INFO | Augmenting broken_small
2026-08-07 15:59:33,474 | INFO | Augmenting contamination
2026-08-07 16:00:01,932 | INFO | Dataset verification completed.
2026-08-07 16:00:01,963 | INFO | Augmentation report saved.
2026-08-07 16:00:01,963 | INFO | Summary generated.
2026-08-07 16:00:01,964 | INFO | Data augmentation completed successfully.
