2026-08-06 10:04:03,489 | INFO | Dataset found.
2026-08-06 10:04:03,489 | INFO | Report initialized.
2026-08-06 10:04:03,489 | INFO | Analyzing dataset structure...
2026-08-06 10:04:03,491 | INFO | Dataset structure analyzed.
2026-08-06 10:04:03,491 | INFO | Analyzing classes...
2026-08-06 10:04:03,538 | INFO | Class analysis completed.
2026-08-06 10:04:03,539 | INFO | Total images : 292
2026-08-06 10:04:03,539 | INFO | Analyzing image formats...
2026-08-06 10:04:03,564 | INFO | Image format analysis completed.
2026-08-06 10:04:03,565 | INFO | Analyzing images...
2026-08-06 10:04:09,671 | INFO | Image analysis completed.
2026-08-06 10:26:58,845 | INFO | Dataset Analyzer initialized.
2026-08-06 10:26:58,846 | INFO | Checking dataset...
2026-08-06 10:26:58,847 | INFO | Dataset validated successfully.
2026-08-06 10:26:58,847 | INFO | Report initialized.
2026-08-06 10:26:58,847 | INFO | Collecting images...
2026-08-06 10:26:58,858 | INFO | Collected 292 images.
2026-08-06 10:26:58,858 | INFO | Analyzing structure...
2026-08-06 10:26:58,859 | INFO | Structure analysis completed.
2026-08-06 10:26:58,859 | INFO | Analyzing classes...
2026-08-06 10:26:58,866 | INFO | Class analysis completed.
2026-08-06 10:26:58,866 | INFO | Analyzing image formats...
2026-08-06 10:26:58,867 | INFO | Image format analysis completed.
2026-08-06 10:26:58,867 | INFO | Analyzing images...
2026-08-06 10:27:04,410 | INFO | Image analysis completed.
2026-08-06 10:27:04,411 | INFO | Searching duplicates...
2026-08-06 10:27:04,559 | INFO | Generating class distribution figure...
2026-08-06 10:27:05,310 | INFO | Class distribution figure saved.
2026-08-06 10:27:06,114 | INFO | Image size figure saved.
2026-08-06 10:27:06,114 | INFO | Saving JSON report...
2026-08-06 10:27:06,115 | INFO | JSON report saved.
2026-08-06 10:27:06,117 | INFO | TXT report saved.
2026-08-06 10:27:06,126 | INFO | CSV report saved.
2026-08-06 10:27:06,127 | INFO | Dataset analysis completed successfully.
